---
source: compiler/fabc_parser/src/ast/expr/literal.rs
expression: literal
---
Boolean {
    info: NodeInfo {
        id: 0,
        span: Span {
            start: LineCol(
                1,
                1,
            ),
            end: LineCol(
                1,
                5,
            ),
        },
    },
    value: false,
}
